// Jest Snapshot v1, https://goo.gl/fbAQLP

exports[`SearchFilter SearchFilter should render correctly 1`] = `
<div
  className="search-filter"
>
  <span
    className="search-filter__title"
  >
    SEARCH BY
  </span>
  <div
    className="search-filter__filters"
  >
    <SearchButton
      active={true}
      key="title"
      onClick={[Function]}
      value="title"
    />
    <SearchButton
      active={false}
      key="genres"
      onClick={[Function]}
      value="genres"
    />
  </div>
</div>
`;
